Agent 'forgecli' does not declare an options_model; leftover kwargs are ignored
Agent 'forgecli' does not declare an options_model; leftover kwargs are ignored
Running command: chmod 755 /usr/local/bin/forge && /usr/local/bin/forge --version
Running command: chmod 755 /usr/local/bin/forge && /usr/local/bin/forge --version
Command outputs captured
Command outputs captured
Running command: mkdir -p /logs/agent; /usr/local/bin/forge -p "$FORGE_TASK" --dangerously-skip-permissions --output-format stream-json --verbose --model deep-thinking --max-time 870 > /logs/agent/forge.jsonl 2> /logs/agent/forge.stderr.txt
Running command: mkdir -p /logs/agent; /usr/local/bin/forge -p "$FORGE_TASK" --dangerously-skip-permissions --output-format stream-json --verbose --model deep-thinking --max-time 1770 > /logs/agent/forge.jsonl 2> /logs/agent/forge.stderr.txt
Command failed
Command failed
Collecting main service artifacts
Collecting main service artifacts
Not retrying trial because the maximum number of retries has been reached
Agent 'forgecli' does not declare an options_model; leftover kwargs are ignored
Not retrying trial because the maximum number of retries has been reached
Agent 'forgecli' does not declare an options_model; leftover kwargs are ignored
Running command: chmod 755 /usr/local/bin/forge && /usr/local/bin/forge --version
Command outputs captured
Running command: chmod 755 /usr/local/bin/forge && /usr/local/bin/forge --version
Running command: mkdir -p /logs/agent; /usr/local/bin/forge -p "$FORGE_TASK" --dangerously-skip-permissions --output-format stream-json --verbose --model deep-thinking --max-time 1170 > /logs/agent/forge.jsonl 2> /logs/agent/forge.stderr.txt
Command outputs captured
Running command: mkdir -p /logs/agent; /usr/local/bin/forge -p "$FORGE_TASK" --dangerously-skip-permissions --output-format stream-json --verbose --model deep-thinking --max-time 3570 > /logs/agent/forge.jsonl 2> /logs/agent/forge.stderr.txt
Command failed
Command failed
Collecting main service artifacts
Collecting main service artifacts
Not retrying trial because the maximum number of retries has been reached
Agent 'forgecli' does not declare an options_model; leftover kwargs are ignored
Running command: chmod 755 /usr/local/bin/forge && /usr/local/bin/forge --version
Command outputs captured
Running command: mkdir -p /logs/agent; /usr/local/bin/forge -p "$FORGE_TASK" --dangerously-skip-permissions --output-format stream-json --verbose --model deep-thinking --max-time 870 > /logs/agent/forge.jsonl 2> /logs/agent/forge.stderr.txt
Not retrying trial because the maximum number of retries has been reached
Agent 'forgecli' does not declare an options_model; leftover kwargs are ignored
Running command: chmod 755 /usr/local/bin/forge && /usr/local/bin/forge --version
Command outputs captured
Running command: mkdir -p /logs/agent; /usr/local/bin/forge -p "$FORGE_TASK" --dangerously-skip-permissions --output-format stream-json --verbose --model deep-thinking --max-time 870 > /logs/agent/forge.jsonl 2> /logs/agent/forge.stderr.txt
Command failed
Collecting main service artifacts
Not retrying trial because the maximum number of retries has been reached
Agent 'forgecli' does not declare an options_model; leftover kwargs are ignored
Command failed
Skipping image OS validation for alexgshaw/winning-avg-corewars:20251031: docker inspect returned 1
Collecting main service artifacts
Running command: chmod 755 /usr/local/bin/forge && /usr/local/bin/forge --version
Command outputs captured
Running command: mkdir -p /logs/agent; /usr/local/bin/forge -p "$FORGE_TASK" --dangerously-skip-permissions --output-format stream-json --verbose --model deep-thinking --max-time 3570 > /logs/agent/forge.jsonl 2> /logs/agent/forge.stderr.txt
Not retrying trial because the maximum number of retries has been reached
Agent 'forgecli' does not declare an options_model; leftover kwargs are ignored
Skipping image OS validation for alexgshaw/log-summary-date-ranges:20251031: docker inspect returned 1
Running command: chmod 755 /usr/local/bin/forge && /usr/local/bin/forge --version
Command outputs captured
Running command: mkdir -p /logs/agent; /usr/local/bin/forge -p "$FORGE_TASK" --dangerously-skip-permissions --output-format stream-json --verbose --model deep-thinking --max-time 870 > /logs/agent/forge.jsonl 2> /logs/agent/forge.stderr.txt
Trial winning-avg-corewars__RXw5arj cancelled
Trial log-summary-date-ranges__WH4zJsY cancelled
