Running command: chmod 755 /usr/local/bin/forge && /usr/local/bin/forge --version
Command outputs captured
Running command: printf '%s\n' '10.21.3.57 gpt.technica-engineering.net' >> /etc/hosts
Command outputs captured
Running command: 
src=/tmp/forge-extra-ca.pem
mkdir -p /usr/local/share/ca-certificates
if command -v awk >/dev/null 2>&1; then
  awk '/-----BEGIN CERTIFICATE-----/{n++; f=sprintf("/usr/local/share/ca-certificates/forge-extra-%03d.crt", n)} n>0{print > f}' "$src"
else
  cp "$src" /usr/local/share/ca-certificates/forge-extra.crt
fi
if command -v update-ca-certificates >/dev/null 2>&1; then update-ca-certificates >/dev/null 2>&1 || true; fi
if [ -d /etc/pki/ca-trust/source/anchors ]; then
  cp "$src" /etc/pki/ca-trust/source/anchors/forge-extra.pem
  command -v update-ca-trust >/dev/null 2>&1 && update-ca-trust >/dev/null 2>&1 || true
fi
for b in /etc/ssl/certs/ca-certificates.crt /etc/pki/tls/certs/ca-bundle.crt /etc/ssl/cert.pem; do
  if [ -f "$b" ]; then cat "$src" >> "$b"; fi
done
mkdir -p /etc/uv && printf 'native-tls = true\n' > /etc/uv/uv.toml

Command outputs captured
Running command: mkdir -p /logs/agent; /usr/local/bin/forge -p "$FORGE_TASK" --dangerously-skip-permissions --output-format stream-json --verbose --autonomous --model kgpt-reasoning-text --max-time 870 > /logs/agent/forge.jsonl 2> /logs/agent/forge.stderr.txt
Command failed
Collecting main service artifacts
Trial gpt2-codegolf__efpkGsL cancelled
Skipping exception record because trial already has exception_info
Traceback (most recent call last):
  File "/home/kryptonite/.local/share/uv/tools/harbor/lib/python3.12/site-packages/harbor/trial/trial.py", line 500, in run
    await self._run()
  File "/home/kryptonite/.local/share/uv/tools/harbor/lib/python3.12/site-packages/harbor/trial/single_step.py", line 51, in _run
    await self._run_verifier()
  File "/home/kryptonite/.local/share/uv/tools/harbor/lib/python3.12/site-packages/harbor/trial/single_step.py", line 105, in _run_verifier
    self.result.verifier_result = await self._run_shared_verifier(
                                  ^^^^^^^^^^^^^^^^^^^^^^^^^^^^^^^^
  File "/home/kryptonite/.local/share/uv/tools/harbor/lib/python3.12/site-packages/harbor/trial/trial.py", line 896, in _run_shared_verifier
    return await self._verify_with_timeout(verifier, timeout_sec)
           ^^^^^^^^^^^^^^^^^^^^^^^^^^^^^^^^^^^^^^^^^^^^^^^^^^^^^^
  File "/home/kryptonite/.local/share/uv/tools/harbor/lib/python3.12/site-packages/harbor/trial/trial.py", line 859, in _verify_with_timeout
    return await asyncio.wait_for(verifier.verify(), timeout=timeout_sec)
           ^^^^^^^^^^^^^^^^^^^^^^^^^^^^^^^^^^^^^^^^^^^^^^^^^^^^^^^^^^^^^^
  File "/home/kryptonite/.local/share/uv/python/cpython-3.12.15-linux-x86_64-gnu/lib/python3.12/asyncio/tasks.py", line 520, in wait_for
    return await fut
           ^^^^^^^^^
  File "/home/kryptonite/.local/share/uv/tools/harbor/lib/python3.12/site-packages/harbor/verifier/verifier.py", line 229, in verify
    await self.environment.exec(
  File "/home/kryptonite/.local/share/uv/tools/harbor/lib/python3.12/site-packages/harbor/environments/docker/docker.py", line 1359, in exec
    return await self._compose_exec(
           ^^^^^^^^^^^^^^^^^^^^^^^^^
  File "/home/kryptonite/.local/share/uv/tools/harbor/lib/python3.12/site-packages/harbor/environments/docker/docker.py", line 1436, in _compose_exec
    return await self._run_docker_compose_command(
           ^^^^^^^^^^^^^^^^^^^^^^^^^^^^^^^^^^^^^^^
  File "/home/kryptonite/.local/share/uv/tools/harbor/lib/python3.12/site-packages/harbor/environments/docker/docker.py", line 749, in _run_docker_compose_command
    result = await self._collect_buffered_output(
             ^^^^^^^^^^^^^^^^^^^^^^^^^^^^^^^^^^^^
  File "/home/kryptonite/.local/share/uv/tools/harbor/lib/python3.12/site-packages/harbor/environments/docker/docker.py", line 779, in _collect_buffered_output
    stdout_bytes, stderr_bytes = await process.communicate(input=stdin_data)
                                 ^^^^^^^^^^^^^^^^^^^^^^^^^^^^^^^^^^^^^^^^^^^
  File "/home/kryptonite/.local/share/uv/python/cpython-3.12.15-linux-x86_64-gnu/lib/python3.12/asyncio/subprocess.py", line 201, in communicate
    stdin, stdout, stderr = await tasks.gather(stdin, stdout, stderr)
                            ^^^^^^^^^^^^^^^^^^^^^^^^^^^^^^^^^^^^^^^^^
  File "/home/kryptonite/.local/share/uv/python/cpython-3.12.15-linux-x86_64-gnu/lib/python3.12/asyncio/subprocess.py", line 181, in _read_stream
    output = await stream.read()
             ^^^^^^^^^^^^^^^^^^^
  File "/home/kryptonite/.local/share/uv/python/cpython-3.12.15-linux-x86_64-gnu/lib/python3.12/asyncio/streams.py", line 706, in read
    block = await self.read(self._limit)
            ^^^^^^^^^^^^^^^^^^^^^^^^^^^^
  File "/home/kryptonite/.local/share/uv/python/cpython-3.12.15-linux-x86_64-gnu/lib/python3.12/asyncio/streams.py", line 713, in read
    await self._wait_for_data('read')
  File "/home/kryptonite/.local/share/uv/python/cpython-3.12.15-linux-x86_64-gnu/lib/python3.12/asyncio/streams.py", line 545, in _wait_for_data
    await self._waiter
asyncio.exceptions.CancelledError
Cleanup interrupted for gpt2-codegolf__efpkGsL, but agent environment stop is shielded and will complete
